Script started on 2024-02-29 04:15:52-05:00
1) Make a directory Assignment1 under your home directory and change it. All your homework for this assignment will be done there.
( Mention the commands used to make the directory )
bash-4.4$ mkdir Assignment1
bash-4.4$ c[Kls
Assignment1  cmds.log  Worksheet1  Worksheet2
bash-4.4$ cd Assignment1/
bash-4.4$ ls
bash-4.4$ touch Assignment1.txt
bash-4.4$ ls
Assignment1.txt
---------------------------------------------------
2) Echo your current Shell using the global variable and paste the output of the command.  Which commands did you use?
bash-4.4$ echo $SHELL >> Assignment1.txt 
bash-4.4$ cat Assignment1.txt 
/bin/bash
-------------------------------------------------------
2) Echo your home directory path and paste the output of the command.  Which commands did you use?
bash-4.4$ echo $HOME >> Assignment1.txt 
bash-4.4$ cat Assignment1.txt 
/bin/bash
/mnt/scratch/FA23_CS131_Ashish/pratiksp24
bash-4.4$ ls
Assignment1.txt
---------------------------------------------------------
3) What is your UID?  To what group(s) do you belong?  How did you find out (command used)?
bash-4.4$ id -f[Kr[Ku >> Assignment1.txt 
bash-4.4$ cat Assignment1.txt 
/bin/bash
/mnt/scratch/FA23_CS131_Ashish/pratiksp24
1234
bash-4.4$ groups
pratiksp24 S77
bash-4.4$ id -Gn
pratiksp24 S77
bash-4.4$ groups >> Assignment1.txt 
bash-4.4$ cat Assignment1.txt 
/bin/bash
/mnt/scratch/FA23_CS131_Ashish/pratiksp24
1234
pratiksp24 S77
bash-4.4$ pwd
/mnt/scratch/FA23_CS131_Ashish/pratiksp24/cs131/Assignment1
---------------------------------------------------------------
4) Create a new directory "myDir" under the Assignment 1 folder. Now remove "write" permission for yourself.(see chmod man page) 
bash-4.4$ mkdir myDir
bash-4.4$ ls -l
total 8
-rw-rw-r-- 1 pratiksp24 pratiksp24   72 Feb 29 04:49 Assignment1.txt
drwxrwxr-x 2 pratiksp24 pratiksp24 4096 Feb 29 04:49 myDir
bash-4.4$ chmod u-r[Kw[K[K[K[K[K[K[K[K[Kchmod u-w myDir/
bash-4.4$ ls -l
total 8
-rw-rw-r-- 1 pratiksp24 pratiksp24   72 Feb 29 04:49 Assignment1.txt
dr-xrwxr-x 2 pratiksp24 pratiksp24 4096 Feb 29 04:49 myDir
bash-4.4$ cd myDir/
bash-4.4$ ls
bash-4.4$ pwd
/mnt/scratch/FA23_CS131_Ashish/pratiksp24/cs131/Assignment1/myDir
bash-4.4$ ls
bash-4.4$ ls -l
total 0
bash-4.4$ touch newFile.txt
touch: cannot touch 'newFile.txt': Permission denied
bash-4.4$ cd ..
bash-4.4$ ls
Assignment1.txt  myDir
------------------------------------------------------------------
5) Create a new directory "myDir2" and create a new directory "myDir3" 
bash-4.4$ mkdir myDir2 myDIr[K[Kir3
bash-4.4$ ls -l
total 16
-rw-rw-r-- 1 pratiksp24 pratiksp24   72 Feb 29 04:49 Assignment1.txt
dr-xrwxr-x 2 pratiksp24 pratiksp24 4096 Feb 29 04:49 myDir
drwxrwxr-x 2 pratiksp24 pratiksp24 4096 Feb 29 04:58 myDir2
drwxrwxr-x 2 pratiksp24 pratiksp24 4096 Feb 29 04:58 myDir3
--------------------------------------------------------------------
6) Inside myDir2, create a file "myFile.txt" (use 'touch' or 'vi' command). Once done, move this file from myDir2 to myDir3 using the mv command.
bash-4.4$ cd myDir2
bash-4.4$ touch myFile.txt
bash-4.4$ mv myFile.txt ../myDir3
bash-4.4$ ls
bash-4.4$ c d..[K[K[K[Kd ..
bash-4.4$ ls
Assignment1.txt  myDir	myDir2	myDir3
bash-4.4$ ls myDir
bash-4.4$ ls myDir3
myFile.txt
---------------------------------------------------------------------
6) Find the total amount of RAM/Memory in the IBM VM using the 'free' command. Display the amount of memory in mebibytes.
bash-4.4$ man free
[?1049h[22;0;0t[?1h=FREE(1)                                    User Commands                                   FREE(1)[m
[m
[1mNAME[0m[m
       free - Display amount of free and used memory in the system[m
[m
[1mSYNOPSIS[0m[m
       [1mfree [22m[[4moptions[24m][m
[m
[1mDESCRIPTION[0m[m
       [1mfree  [22mdisplays the total amount of free and used physical and swap memory in the system, as[m
       well as the buffers and caches used by the kernel. The information is gathered  by  parsing[m
       /proc/meminfo. The displayed columns are:[m
[m
       [1mtotal  [22mTotal installed memory (MemTotal and SwapTotal in /proc/meminfo)[m
[m
       [1mused   [22mUsed memory (calculated as [1mtotal [22m- [1mfree [22m- [1mbuffers [22m- [1mcache[22m)[m
[m
       [1mfree   [22mUnused memory (MemFree and SwapFree in /proc/meminfo)[m
[m
       [1mshared [22mMemory used (mostly) by tmpfs (Shmem in /proc/meminfo)[m
[m
       [1mbuffers[0m[m
              Memory used by kernel buffers (Buffers in /proc/meminfo)[m
[m
       [1mcache  [22mMemory used by the page cache and slabs (Cached and SReclaimable in /proc/meminfo)[m
[m
       [1mbuff/cache[0m[m
              Sum of [1mbuffers [22mand [1mcache[0m[m
[m
       [1mavailable[0m[m
              Estimation  of  how  much memory is available for starting new applications, without[m
              swapping. Unlike the data provided by the [1mcache [22mor [1mfree  [22mfields,  this  field  takes[m
              into  account  page  cache  and  also  that not all reclaimable memory slabs will be[m
              reclaimed due to items being in use (MemAvailable  in  /proc/meminfo,  available  on[m
              kernels 3.14, emulated on kernels 2.6.27+, otherwise the same as [1mfree[22m)[m
[m
[1mOPTIONS[0m[m
       [1m-b[22m, [1m--bytes[0m[m
              Display the amount of memory in bytes.[m
[m
       [1m-k[22m, [1m--kibi[0m[m
              Display the amount of memory in kibibytes.  This is the default.[m
[m
       [1m-m[22m, [1m--mebi[0m[m
              Display the amount of memory in mebibytes.[m
[m
       [1m-g[22m, [1m--gibi[0m[m
              Display the amount of memory in gibibytes.[m
[m
       [1m--tebi [22mDisplay the amount of memory in tebibytes.[m
[m
       [1m--pebi [22mDisplay the amount of memory in pebibytes.[m
[m
       [1m--kilo [22mDisplay the amount of memory in kilobytes. Implies --si.[m
[m
       [1m--mega [22mDisplay the amount of memory in megabytes. Implies --si.[m
[m
       [1m--giga [22mDisplay the amount of memory in gigabytes. Implies --si.[m
[m
[7m Manual page free(1) line 1 (press h for help or q to quit)[27m[K[K[?1l>[?1049l[23;0;0tbash-4.4$ free -m
              total        used        free      shared  buff/cache   available
Mem:          71367       32469       19750        3507       19147       33932
Swap:          4119           0        4119
bash-4.4$ free -mman free
[?1049h[22;0;0t[?1h=FREE(1)                                    User Commands                                   FREE(1)[m
[m
[1mNAME[0m[m
       free - Display amount of free and used memory in the system[m
[m
[1mSYNOPSIS[0m[m
       [1mfree [22m[[4moptions[24m][m
[m
[1mDESCRIPTION[0m[m
       [1mfree  [22mdisplays the total amount of free and used physical and swap memory in the system, as[m
       well as the buffers and caches used by the kernel. The information is gathered  by  parsing[m
       /proc/meminfo. The displayed columns are:[m
[m
       [1mtotal  [22mTotal installed memory (MemTotal and SwapTotal in /proc/meminfo)[m
[m
       [1mused   [22mUsed memory (calculated as [1mtotal [22m- [1mfree [22m- [1mbuffers [22m- [1mcache[22m)[m
[m
       [1mfree   [22mUnused memory (MemFree and SwapFree in /proc/meminfo)[m
[m
       [1mshared [22mMemory used (mostly) by tmpfs (Shmem in /proc/meminfo)[m
[m
       [1mbuffers[0m[m
              Memory used by kernel buffers (Buffers in /proc/meminfo)[m
[m
       [1mcache  [22mMemory used by the page cache and slabs (Cached and SReclaimable in /proc/meminfo)[m
[m
       [1mbuff/cache[0m[m
              Sum of [1mbuffers [22mand [1mcache[0m[m
[m
       [1mavailable[0m[m
              Estimation  of  how  much memory is available for starting new applications, without[m
              swapping. Unlike the data provided by the [1mcache [22mor [1mfree  [22mfields,  this  field  takes[m
              into  account  page  cache  and  also  that not all reclaimable memory slabs will be[m
              reclaimed due to items being in use (MemAvailable  in  /proc/meminfo,  available  on[m
              kernels 3.14, emulated on kernels 2.6.27+, otherwise the same as [1mfree[22m)[m
[m
[1mOPTIONS[0m[m
       [1m-b[22m, [1m--bytes[0m[m
              Display the amount of memory in bytes.[m
[m
       [1m-k[22m, [1m--kibi[0m[m
              Display the amount of memory in kibibytes.  This is the default.[m
[m
       [1m-m[22m, [1m--mebi[0m[m
              Display the amount of memory in mebibytes.[m
[m
       [1m-g[22m, [1m--gibi[0m[m
              Display the amount of memory in gibibytes.[m
[m
       [1m--tebi [22mDisplay the amount of memory in tebibytes.[m
[m
       [1m--pebi [22mDisplay the amount of memory in pebibytes.[m
[m
       [1m--kilo [22mDisplay the amount of memory in kilobytes. Implies --si.[m
[m
       [1m--mega [22mDisplay the amount of memory in megabytes. Implies --si.[m
[m
       [1m--giga [22mDisplay the amount of memory in gigabytes. Implies --si.[m
[m
[7m Manual page free(1) line 1 (press h for help or q to quit)[27m[K[K [KESCESC[KOO[KBB[K       [1m--tera [22mDisplay the amount of memory in terabytes. Implies --si.[m
[7m Manual page free(1) line 2 (press h for help or q to quit)[27m[K[K [KESCESC[KOO[KBB[K[m
[7m Manual page free(1) line 3 (press h for help or q to quit)[27m[K[K [KESCESC[KOO[KBB[K       [1m--peta [22mDisplay the amount of memory in petabytes. Implies --si.[m
[7m Manual page free(1) line 4 (press h for help or q to quit)[27m[K[K [KESCESC[KOO[KBB[K[m
[7m Manual page free(1) line 5 (press h for help or q to quit)[27m[K[K [KESCESC[KOO[KBB[K       [1m-h[22m, [1m--human[0m[m
[7m Manual page free(1) line 6 (press h for help or q to quit)[27m[K[K [KESCESC[KOO[KBB[K              Show all output fields automatically scaled to shortest three digit unit and display[m
[7m Manual page free(1) line 7 (press h for help or q to quit)[27m[K[K [KESCESC[KOO[KBB[K              the units of print out.  Following units are used.[m
[7m Manual page free(1) line 8 (press h for help or q to quit)[27m[K[K [KESCESC[KOO[KBB[K[m
[7m Manual page free(1) line 9 (press h for help or q to quit)[27m[K[K [KESCESC[KOO[KBB[K                B = bytes[m
[7m Manual page free(1) line 10 (press h for help or q to quit)[27m[K[K [KESCESC[KOO[KBB[K                K = kibibyte[m
[7m Manual page free(1) line 11 (press h for help or q to quit)[27m[K[K [KESCESC[KOO[KBB[K                M = mebibyte[m
[7m Manual page free(1) line 12 (press h for help or q to quit)[27m[K[K [KESCESC[KOO[KBB[K                G = gibibyte[m
[7m Manual page free(1) line 13 (press h for help or q to quit)[27m[K[K [KESCESC[KOO[KBB[K                T = tebibyte[m
[7m Manual page free(1) line 14 (press h for help or q to quit)[27m[K[K [KESCESC[KOO[KBB[K                P = pebibyte[m
[7m Manual page free(1) line 15 (press h for help or q to quit)[27m[K[K [KESCESC[KOO[KBB[K[m
[7m Manual page free(1) line 16 (press h for help or q to quit)[27m[K[K [KESCESC[KOO[KBB[K              If unit is missing, and you have exbibyte of RAM or swap, the number is in tebibytes[m
[7m Manual page free(1) line 17 (press h for help or q to quit)[27m[K[K [KESCESC[KOO[KBB[K              and columns might not be aligned with header.[m
[7m Manual page free(1) line 18 (press h for help or q to quit)[27m[K[K [KESCESC[KOO[KBB[K[m
[7m Manual page free(1) line 19 (press h for help or q to quit)[27m[K[K [KESCESC[KOO[KBB[K       [1m-w[22m, [1m--wide[0m[m
[7m Manual page free(1) line 20 (press h for help or q to quit)[27m[K[K [KESCESC[KOO[KBB[K              Switch  to the wide mode. The wide mode produces lines longer than 80 characters. In[m
[7m Manual page free(1) line 21 (press h for help or q to quit)[27m[K[K [KESCESC[KOO[KBB[K              this mode [1mbuffers [22mand [1mcache [22mare reported in two separate columns.[m
[7m Manual page free(1) line 22 (press h for help or q to quit)[27m[K[K [KESCESC[KOO[KBB[K[m
[7m Manual page free(1) line 23 (press h for help or q to quit)[27m[K[K [KESCESC[KOO[KBB[K       [1m-c[22m, [1m--count [4m[22mcount[0m[m
[7m Manual page free(1) line 24 (press h for help or q to quit)[27m[K[K [KESCESC[KOO[KBB[K              Display the result [4mcount[24m times.  Requires the [1m-s [22moption.[m
[7m Manual page free(1) line 25 (press h for help or q to quit)[27m[K[K [KESCESC[KOO[KBB[K[m
[7m Manual page free(1) line 26 (press h for help or q to quit)[27m[K[K [KESCESC[KOO[KBB[K       [1m-l[22m, [1m--lohi[0m[m
[7m Manual page free(1) line 27 (press h for help or q to quit)[27m[K[K [KESCESC[KOO[KBB[K              Show detailed low and high memory statistics.[m
[7m Manual page free(1) line 28 (press h for help or q to quit)[27m[K[K [KESCESC[KOO[KBB[K[m
[7m Manual page free(1) line 29 (press h for help or q to quit)[27m[K[K [KESCESC[KOO[KBB[K       [1m-s[22m, [1m--seconds [4m[22mdelay[0m[m
[7m Manual page free(1) line 30 (press h for help or q to quit)[27m[K[K [KESCESC[KOO[KBB[K              Continuously display the result [4mdelay[24m  seconds apart.  You may actually specify  any[m
[7m Manual page free(1) line 31 (press h for help or q to quit)[27m[K[K [KESCESC[KOO[KBB[K              floating point number for [4mdelay[24m using either . or , for decimal point.  [1musleep[22m(3) is[m
[7m Manual page free(1) line 32 (press h for help or q to quit)[27m[K[K [KESCESC[KOO[KBB[K              used for microsecond resolution delay times.[m
[7m Manual page free(1) line 33 (press h for help or q to quit)[27m[K[K [KESCESC[KOO[KBB[K[m
[7m Manual page free(1) line 34 (press h for help or q to quit)[27m[K[K [KESCESC[KOO[KBB[K       [1m--si   [22mUse kilo, mega, giga etc (power of 1000) instead  of  kibi,  mebi,  gibi  (power  of[m
[7m Manual page free(1) line 35 (press h for help or q to quit)[27m[K[K [KESCESC[KOO[KBB[K              1024).[m
[7m Manual page free(1) line 36 (press h for help or q to quit)[27m[K[K [KESCESC[KOO[KBB[K[m
[7m Manual page free(1) line 37 (press h for help or q to quit)[27m[K[K [KESCESC[KOO[KBB[K       [1m-t[22m, [1m--total[0m[m
[7m Manual page free(1) line 38 (press h for help or q to quit)[27m[K[K [KESCESC[KOO[KBB[K              Display a line showing the column totals.[m
[7m Manual page free(1) line 39 (press h for help or q to quit)[27m[K[K [KESCESC[KOO[KBB[K[m
[7m Manual page free(1) line 40 (press h for help or q to quit)[27m[K[K [KESCESC[KOO[KBB[K       [1m--help [22mPrint help.[m
[7m Manual page free(1) line 41 (press h for help or q to quit)[27m[K[K [KESCESC[KOO[KBB[K[m
[7m Manual page free(1) line 42 (press h for help or q to quit)[27m[K[K [KESCESC[KOO[KBB[K       [1m-V[22m, [1m--version[0m[m
[7m Manual page free(1) line 43 (press h for help or q to quit)[27m[K[K [KESCESC[KOO[KBB[K              Display version information.[m
[7m Manual page free(1) line 44 (press h for help or q to quit)[27m[K[K [KESCESC[KOO[KBB[K[m
[7m Manual page free(1) line 45 (press h for help or q to quit)[27m[K[K [KESCESC[KOO[KBB[K[1mFILES[0m[m
[7m Manual page free(1) line 46 (press h for help or q to quit)[27m[K[K [KESCESC[KOO[KBB[K       /proc/meminfo[m
[7m Manual page free(1) line 47 (press h for help or q to quit)[27m[K[K [KESCESC[KOO[KBB[K              memory information[m
[7m Manual page free(1) line 48 (press h for help or q to quit)[27m[K[K [KESCESC[KOO[KBB[K[m
[7m Manual page free(1) line 49 (press h for help or q to quit)[27m[K[K [KESCESC[KOO[KBB[K[1mBUGS[0m[m
[7m Manual page free(1) line 50 (press h for help or q to quit)[27m[K[K [KESCESC[KOO[KBB[K       The  value  for  the  [1mshared [22mcolumn is not available from kernels before 2.6.32 and is dis‐[m
[7m Manual page free(1) line 51 (press h for help or q to quit)[27m[K[K[?1l>[?1049l[23;0;0tbash-4.4$ free -hm[K[KHm
free: invalid option -- 'H'

Usage:
 free [options]

Options:
 -b, --bytes         show output in bytes
     --kilo          show output in kilobytes
     --mega          show output in megabytes
     --giga          show output in gigabytes
     --tera          show output in terabytes
     --peta          show output in petabytes
 -k, --kibi          show output in kibibytes
 -m, --mebi          show output in mebibytes
 -g, --gibi          show output in gibibytes
     --tebi          show output in tebibytes
     --pebi          show output in pebibytes
 -h, --human         show human-readable output
     --si            use powers of 1000 not 1024
 -l, --lohi          show detailed low and high memory statistics
 -t, --total         show total for RAM + swap
 -s N, --seconds N   repeat printing every N seconds
 -c N, --count N     repeat printing N times, then exit
 -w, --wide          wide output

     --help     display this help and exit
 -V, --version  output version information and exit

For more details see free(1).
bash-4.4$ free -hm
              total        used        free      shared  buff/cache   available
Mem:           69Gi        31Gi        19Gi       3.4Gi        18Gi        33Gi
Swap:         4.0Gi          0B       4.0Gi
bash-4.4$ free-m[K[K -m -h
              total        used        free      shared  buff/cache   available
Mem:           69Gi        31Gi        19Gi       3.4Gi        18Gi        33Gi
Swap:         4.0Gi          0B       4.0Gi
bash-4.4$ re[K[Kfree -m >> T[KAssignment1.txt 
bash-4.4$ cat Assignment1.txt 
/bin/bash
/mnt/scratch/FA23_CS131_Ashish/pratiksp24
1234
pratiksp24 S77
              total        used        free      shared  buff/cache   available
Mem:          71367       32442       19778        3505       19146       33961
Swap:          4119           0        4119
-----------------------------------------------------------------------------------------
9) Identify the operating system version. Which file under /etc/ contains this information?
bash-4.4$ cat /etc/os-release 
NAME="Red Hat Enterprise Linux"
VERSION="8.6 (Ootpa)"
ID="rhel"
ID_LIKE="fedora"
VERSION_ID="8.6"
PLATFORM_ID="platform:el8"
PRETTY_NAME="Red Hat Enterprise Linux 8.6 (Ootpa)"
ANSI_COLOR="0;31"
CPE_NAME="cpe:/o:redhat:enterprise_linux:8::baseos"
HOME_URL="https://www.redhat.com/"
DOCUMENTATION_URL="https://access.redhat.com/documentation/red_hat_enterprise_linux/8/"
BUG_REPORT_URL="https://bugzilla.redhat.com/"

REDHAT_BUGZILLA_PRODUCT="Red Hat Enterprise Linux 8"
REDHAT_BUGZILLA_PRODUCT_VERSION=8.6
REDHAT_SUPPORT_PRODUCT="Red Hat Enterprise Linux"
REDHAT_SUPPORT_PRODUCT_VERSION="8.6"
bash-4.4$ cat /etc/os-release >> Assignment1.txt 
bash-4.4$ cat as[K[KAssignment1.txt 
/bin/bash
/mnt/scratch/FA23_CS131_Ashish/pratiksp24
1234
pratiksp24 S77
              total        used        free      shared  buff/cache   available
Mem:          71367       32442       19778        3505       19146       33961
Swap:          4119           0        4119
NAME="Red Hat Enterprise Linux"
VERSION="8.6 (Ootpa)"
ID="rhel"
ID_LIKE="fedora"
VERSION_ID="8.6"
PLATFORM_ID="platform:el8"
PRETTY_NAME="Red Hat Enterprise Linux 8.6 (Ootpa)"
ANSI_COLOR="0;31"
CPE_NAME="cpe:/o:redhat:enterprise_linux:8::baseos"
HOME_URL="https://www.redhat.com/"
DOCUMENTATION_URL="https://access.redhat.com/documentation/red_hat_enterprise_linux/8/"
BUG_REPORT_URL="https://bugzilla.redhat.com/"

REDHAT_BUGZILLA_PRODUCT="Red Hat Enterprise Linux 8"
REDHAT_BUGZILLA_PRODUCT_VERSION=8.6
REDHAT_SUPPORT_PRODUCT="Red Hat Enterprise Linux"
REDHAT_SUPPORT_PRODUCT_VERSION="8.6"
-----------------------------------------------------------------------------------
10) What is the permission (given to all users) for the file containing the OS version information
bash-4.4$ ls -l[K[K[K[K[Kcat Assignment1.txt [C[C[C[C[C[C[C[C[C[C[C[C[C[C[19@/etc/os-release >> [C[C[C[C[C[C[C[C[C[C[C[C[C[C[C[C[K[1P[1P[1P[1@l[1@s[C[1@ [1@=[1P[1@-[1@l[C[1@ [1P
lrwxrwxrwx. 1 root root 22 Apr  6  2022 /etc/os-release -> ..//usr/lib/os-release
bash-4.4$ l[Kls -l[Kl et[K[K/etc
total 1352
-rw-r--r--.  1 root root       16 Jan  5  2023 adjtime
-rw-r--r--.  1 root root     1529 Apr 15  2020 aliases
drwxr-xr-x.  2 root root     4096 Aug  1  2023 alternatives
-rw-r--r--.  1 root root      541 Sep 30  2021 anacrontab
drwxr-xr-x   4 root root     4096 Aug  1  2023 asciidoc
-rw-r--r--.  1 root root        1 Aug 12  2018 at.deny
drwxr-x---.  4 root root      100 Jan  5  2023 audit
drwxr-xr-x.  3 root root      228 Jan  5  2023 authselect
drwxr-xr-x.  2 root root      135 Jan  5  2023 bash_completion.d
-rw-r--r--.  1 root root     3019 Apr 15  2020 bashrc
-rw-r--r--.  1 root root      545 Jan  5  2023 bindresvport.blacklist
-rw-r--r--.  1 root root      535 Jan  5  2023 bindresvport.blacklist.rsct.save
drwxr-xr-x.  2 root root       26 Jan  5  2023 binfmt.d
drwxr-xr-x.  2 root root        6 Jul 27  2021 chkconfig.d
-rw-r--r--.  1 root root     1083 Jun 15  2021 chrony.conf
-rw-r-----.  1 root chrony    540 May 12  2021 chrony.keys
drwxr-xr-x.  2 root root       26 Jun  3  2022 cifs-utils
drwxr-xr-x.  4 root root       82 Mar 30  2023 cloud
drwxr-xr-x.  2 root root        6 Jan  5  2023 cni
drwxr-xr-x.  4 root root       42 Sep 23  2022 cockpit
drwxr-xr-x.  6 root root      139 Jan  5  2023 containers
drwxr-xr-x.  2 root root       39 Jan  5  2023 cron.d
drwxr-xr-x.  2 root root       44 Jan  5  2023 cron.daily
-rw-r--r--.  1 root root        0 Sep 30  2021 cron.deny
drwxr-xr-x.  2 root root       22 Jan  5  2023 cron.hourly
drwxr-xr-x.  2 root root        6 Jan  8  2021 cron.monthly
-rw-r--r--.  1 root root      451 Jan  8  2021 crontab
drwxr-xr-x.  2 root root        6 Jan  8  2021 cron.weekly
drwxr-xr-x.  6 root root       81 Jan  5  2023 crypto-policies
-rw-------.  1 root root        0 Jan  5  2023 crypttab
-rw-r--r--.  1 root root     1629 Apr 15  2020 csh.cshrc
-rw-r--r--.  1 root root     1078 Apr 15  2020 csh.login
-rw-rw-r--   1 root root      129 May  4  2023 ct_node_id
drwxr-xr-x.  4 root root       78 Jun 16  2022 dbus-1
drwxr-xr-x.  3 root root       16 Jan  5  2023 dconf
drwxr-xr-x.  2 root root       33 Jan  5  2023 default
drwxr-xr-x.  2 root root       40 Jan  5  2023 depmod.d
drwxr-xr-x.  4 root root       53 Jan  5  2023 dhcp
-rw-r--r--.  1 root root     4536 Jul  9  2021 DIR_COLORS
-rw-r--r--.  1 root root     5214 Jul  9  2021 DIR_COLORS.256color
-rw-r--r--.  1 root root     4618 Jul  9  2021 DIR_COLORS.lightbgcolor
drwxr-xr-x.  8 root root      128 Jan  5  2023 dnf
-rw-r--r--.  1 root root      117 May 23  2022 dracut.conf
drwxr-xr-x.  2 root root        6 May 23  2022 dracut.conf.d
drwxr-xr-x   3 root root       37 Aug  1  2023 egl
-rw-r--r--.  1 root root        0 Apr 15  2020 environment
-rw-r--r--.  1 root root     1362 Sep 10  2018 ethertypes
-rw-r--r--.  1 root root        0 Sep 10  2018 exports
lrwxrwxrwx.  1 root root       56 Jul 12  2021 favicon.png -> /usr/share/icons/hicolor/16x16/apps/fedora-logo-icon.png
-rw-r--r--.  1 root root       66 Sep 10  2018 filesystems
drwxr-x---.  8 root root      149 Jan  5  2023 firewalld
drwxr-xr-x.  3 root root       38 Jan  5  2023 fonts
-rw-r--r--.  1 root root       20 Jan 13  2021 fprintd.conf
-rw-r--r--   1 root root      639 May  4  2023 fstab
-rw-r--r--.  1 root root       38 Feb 24  2022 fuse.conf
drwxr-xr-x.  2 root root       25 Apr 26  2022 gcrypt
-rw-r--r--   1 root root      265 Dec  8  2021 gdbinit
drwxr-xr-x   2 root root        6 Dec  8  2021 gdbinit.d
drwxr-xr-x   3 root root       26 Aug  1  2023 glvnd
drwxr-xr-x.  2 root root        6 Aug  8  2022 gnupg
-rw-r--r--.  1 root root       94 Aug 12  2018 GREP_COLORS
drwxr-xr-x.  4 root root       40 Jan  5  2023 groff
-rw-r--r--   1 root root     6385 Feb 25 15:29 group
-rw-r--r--.  1 root root     6377 Feb 25 15:29 group-
lrwxrwxrwx.  1 root root       22 Jun  3  2022 grub2.cfg -> ../boot/grub2/grub.cfg
drwx------.  2 root root     4096 Jan  5  2023 grub.d
----------   1 root root     5405 Feb 25 15:29 gshadow
----------.  1 root root     5397 Feb 25 15:29 gshadow-
drwxr-xr-x.  3 root root       20 Jan  5  2023 gss
-rw-r--r--.  1 root root        9 Sep 10  2018 host.conf
-rw-r--r--   1 root root       24 May  4  2023 hostname
-rw-r--r--.  1 root root      158 Sep 10  2018 hosts
-rw-r--r--.  1 root root     4849 Mar 12  2022 idmapd.conf
lrwxrwxrwx.  1 root root       11 Jul 27  2021 init.d -> rc.d/init.d
-rw-r--r--.  1 root root      490 Sep 21  2022 inittab
-rw-r--r--.  1 root root      942 Sep 10  2018 inputrc
drwxr-xr-x.  2 root root      225 Jan  5  2023 insights-client
drwxr-xr-x.  2 root root      159 Jul 11  2022 iproute2
drwxr-xr-x.  2 root root       52 Jan  5  2023 iscsi
-rw-r--r--.  1 root root       23 Apr  6  2022 issue
drwxr-xr-x.  2 root root       27 Jan  5  2023 issue.d
-rw-r--r--.  1 root root       22 Apr  6  2022 issue.net
drwxr-xr-x   4 root root       48 Aug  1  2023 java
drwxr-xr-x   2 root root        6 Dec 13  2018 jvm
drwxr-xr-x   2 root root        6 Dec 13  2018 jvm-commmon
drwxr-xr-x.  4 root root       33 Jan  5  2023 kdump
-rw-r--r--.  1 root root     8550 Jan  5  2023 kdump.conf
drwxr-xr-x.  3 root root       23 Sep 21  2022 kernel
drwxr-xr-x.  2 root root        6 Jun 16  2021 keyutils
-rw-r--r--.  1 root root      812 Aug 25  2021 krb5.conf
drwxr-xr-x.  2 root root       83 Jan  5  2023 krb5.conf.d
-rw-r--r--.  1 root root     1128 Jul 21  2022 kshrc
-rw-r--r--   1 root root    31003 Aug  1  2023 ld.so.cache
-rw-r--r--.  1 root root       28 Aug  1  2018 ld.so.conf
drwxr-xr-x.  2 root root      129 Aug  1  2023 ld.so.conf.d
-rw-r-----.  1 root root      191 Jan 23  2022 libaudit.conf
drwxr-xr-x.  3 root root       20 Jan  5  2023 libblockdev
drwxr-xr-x.  2 root root      246 Jan  5  2023 libibverbs.d
drwxr-xr-x.  2 root root       35 Jan  5  2023 libnl
drwxr-xr-x   2 root root        6 Dec  4  2018 libpaper.d
drwxr-xr-x.  6 root root       70 Jan  5  2023 libreport
drwxr-xr-x.  2 root root       62 Jan  5  2023 libssh
-rw-r--r--.  1 root root     2391 Jul 23  2015 libuser.conf
-rw-r--r--.  1 root root       17 May  4  2023 locale.conf
lrwxrwxrwx.  1 root root       38 Jan  5  2023 localtime -> ../usr/share/zoneinfo/America/New_York
-rw-r--r--.  1 root root     2512 Dec  9  2021 login.defs
-rw-r--r--.  1 root root      438 Feb 19  2018 logrotate.conf
drwxr-xr-x.  2 root root      219 Sep 12  2022 logrotate.d
drwxr-xr-x.  3 root root       43 Jan  5  2023 lsm
drwxr-xr-x.  2 root root       85 Jan  5  2023 lsvpd
drwxr-xr-x.  6 root root      100 Jul 12  2022 lvm
-r--r--r--   1 root root       33 May  4  2023 machine-id
-rw-r--r--.  1 root root      111 May  4  2021 magic
-rw-r--r--.  1 root root      272 May 11  2017 mailcap
-rw-r--r--.  1 root root     5122 Jan 27  2022 makedumpfile.conf.sample
-rw-r--r--.  1 root root     5165 Jun 24  2021 man_db.conf
-rw-r--r--.  1 root root    60352 May 11  2017 mime.types
-rw-r--r--.  1 root root     1108 Feb 17  2022 mke2fs.conf
drwxr-xr-x.  2 root root       54 Jan  5  2023 modprobe.d
drwxr-xr-x.  2 root root        6 Sep 21  2022 modules-load.d
-rw-r--r--.  1 root root        0 Sep 10  2018 motd
drwxr-xr-x.  2 root root       44 Jan  5  2023 motd.d
lrwxrwxrwx.  1 root root       19 Jan  5  2023 mtab -> ../proc/self/mounts
drwxr-xr-x.  2 root root       35 May  4  2023 multipath
-rw-rw-r--.  1 root root       75 Jan  5  2023 multipath.conf
-rw-r--r--.  1 root root     9450 Aug 12  2018 nanorc
-rw-r--r--.  1 root root      767 Dec  2  2021 netconfig
drwxr-xr-x.  7 root root      134 Sep 29  2022 NetworkManager
-rw-r--r--.  1 root root       58 Sep 10  2018 networks
drwx------.  3 root root       66 Jan  5  2023 nftables
lrwxrwxrwx.  1 root root       29 Jan  5  2023 nsswitch.conf -> /etc/authselect/nsswitch.conf
-rw-r--r--.  1 root root     2197 Mar 14  2022 nsswitch.conf.bak
drwxr-xr-x.  2 root root       35 Jan  5  2023 nvme
drwxr-xr-x.  2 root root       93 Jan  5  2023 objrepos
drwxr-xr-x.  2 root root        6 Dec 15  2020 oddjob
-rw-r--r--.  1 root root     4922 Dec 15  2020 oddjobd.conf
drwxr-xr-x.  2 root root       70 Jan  5  2023 oddjobd.conf.d
drwxr-xr-x.  3 root root       36 Jan  5  2023 openldap
drwxr-xr-x.  2 root root        6 Jun 21  2021 opt
lrwxrwxrwx.  1 root root       22 Apr  6  2022 os-release -> ..//usr/lib/os-release
drwxr-xr-x.  2 root root       48 Jan  5  2023 PackageKit
drwxr-xr-x.  2 root root     4096 Aug  2  2022 pam.d
-rw-r--r--   1 root root       68 Dec  4  2018 papersize
-rw-r--r--   1 root root    15987 Feb 25 15:29 passwd
-rw-r--r--.  1 root root    15961 Feb 25 15:29 passwd-
-rw-r--r--.  1 root root     2872 Aug 12  2018 pinforc
drwxr-xr-x.  3 root root       21 Jan  5  2023 pkcs11
drwxr-xr-x. 14 root root      193 Aug 18  2023 pki
drwxr-xr-x.  2 root root       28 Jan  5  2023 plymouth
drwxr-xr-x.  5 root root       52 Jan  5  2023 pm
drwxr-xr-x.  5 root root       72 Jan  5  2023 polkit-1
drwxr-xr-x.  2 root root        6 Jan  7  2021 popt.d
drwxr-xr-x.  3 root root       48 Jan  5  2023 ppc64-diag
-rw-r--r--.  1 root root      233 Sep 10  2018 printcap
-rw-r--r--.  1 root root     2123 Apr 15  2020 profile
drwxr-xr-x.  2 root root     4096 Jan  5  2023 profile.d
-rw-r--r--.  1 root root     6568 Sep 10  2018 protocols
lrwxrwxrwx.  1 root root       10 Aug 15  2022 rc0.d -> rc.d/rc0.d
lrwxrwxrwx.  1 root root       10 Aug 15  2022 rc1.d -> rc.d/rc1.d
lrwxrwxrwx.  1 root root       10 Aug 15  2022 rc2.d -> rc.d/rc2.d
lrwxrwxrwx.  1 root root       10 Aug 15  2022 rc3.d -> rc.d/rc3.d
lrwxrwxrwx.  1 root root       10 Aug 15  2022 rc4.d -> rc.d/rc4.d
lrwxrwxrwx.  1 root root       10 Aug 15  2022 rc5.d -> rc.d/rc5.d
lrwxrwxrwx.  1 root root       10 Aug 15  2022 rc6.d -> rc.d/rc6.d
drwxr-xr-x. 10 root root      127 Sep 21  2022 rc.d
lrwxrwxrwx.  1 root root       13 Sep 21  2022 rc.local -> rc.d/rc.local
-rwxr-xr-x.  1 root root    10106 May 17  2021 rc.powerfail
-rw-r--r--.  1 root root       45 Apr  6  2022 redhat-release
-rw-r--r--.  1 root root     1787 Jun 16  2021 request-key.conf
drwxr-xr-x.  2 root root        6 Jun 16  2021 request-key.d
-rw-r--r--   1 root root      149 May  4  2023 resolv.conf
drwxr-xr-x.  3 root root       40 Jan  5  2023 rhc
drwxr-xr-x.  6 root root      132 Jan  5  2023 rhsm
-rw-r--r--.  1 root root     1634 Aug  1  2018 rpc
drwxr-xr-x.  2 root root       25 Sep 14  2022 rpm
-rw-r--r--.  1 root root     3186 May 16  2022 rsyslog.conf
drwxr-xr-x.  2 root root       52 May 16  2022 rsyslog.d
drwxr-xr-x.  2 root root       35 Jun  3  2022 rwtab.d
drwxr-xr-x.  2 root root       61 Jan  5  2023 samba
drwxr-xr-x.  2 root root        6 Feb 17  2022 sasl2
drwxr-xr-x.  7 root root     4096 Aug  2  2022 security
drwxr-xr-x.  3 root root       57 Mar 30  2023 selinux
-rw-r--r--.  1 root root   692252 Apr 15  2020 services
-rw-r--r--.  1 root root      216 Feb 23  2022 sestatus.conf
drwxr-xr-x.  2 root root       33 Jan  5  2023 setroubleshoot
drwxr-xr-x   3 root root     4096 Aug  1  2023 sgml
----------   1 root root    28796 Feb 25 15:31 shadow
----------.  1 root root    28662 Feb 25 15:25 shadow-
-rw-r--r--   1 root root      114 Aug  1  2023 shells
drwxr-xr-x.  2 root root       76 Jan  5  2023 skel
drwxr-xr-x.  3 root root       74 Jan  5  2023 smartmontools
drwxr-xr-x.  6 root root       86 Jan  5  2023 sos
drwxr-xr-x.  3 root root     4096 May  4  2023 ssh
drwxr-xr-x.  2 root root       19 Jan  5  2023 ssl
drwx------.  4 sssd sssd       31 Jun  3  2022 sssd
-rw-r--r--   1 root root     5146 Feb 25 15:29 subgid
-rw-r--r--.  1 root root     5123 Feb 25 15:25 subgid-
-rw-r--r--   1 root root     5146 Feb 25 15:29 subuid
-rw-r--r--.  1 root root     5123 Feb 25 15:25 subuid-
-rw-r-----.  1 root root     1786 Dec  7  2021 sudo.conf
-r--r-----   1 root root     4383 Feb 10 21:22 sudoers
drwxr-x---.  2 root root       33 Jan  5  2023 sudoers.d
-rw-r-----.  1 root root     3181 Dec  7  2021 sudo-ldap.conf
drwxr-xr-x.  3 root root       24 Jan  5  2023 swid
drwxr-xr-x.  5 root root     4096 Jan  5  2023 sysconfig
-rw-r--r--   1 root root      481 Mar 30  2023 sysctl.conf
drwxr-xr-x.  2 root root       28 Sep 21  2022 sysctl.d
drwxr-xr-x.  5 root root      172 Jan  5  2023 systemd
lrwxrwxrwx.  1 root root       14 Apr  6  2022 system-release -> redhat-release
-rw-r--r--.  1 root root       41 Apr  6  2022 system-release-cpe
-rw-r-----.  1 root tss      7046 Nov  6  2020 tcsd.conf
drwxr-xr-x.  2 root root        6 May 18  2021 terminfo
drwxr-xr-x.  2 root root        6 Sep 21  2022 tmpfiles.d
-rw-r--r--.  1 root root      375 Sep 22  2022 trusted-key.key
drwxr-xr-x.  3 root root      136 Jan  5  2023 tuned
drwxr-xr-x.  4 root root       68 Aug  1  2023 udev
drwxr-xr-x.  2 root root       60 Jan  5  2023 udisks2
drwxr-xr-x.  2 root root       45 Jan  5  2023 unbound
-rw-r--r--.  1 root root      587 Aug 12  2018 updatedb.conf
-rw-r--r--.  1 root root     1523 Aug 12  2018 usb_modeswitch.conf
-rw-r--r--.  1 root root       28 Jan  5  2023 vconsole.conf
-rw-r--r--.  1 root root     1982 Jun 14  2022 vimrc
-rw-r--r--.  1 root root     1204 Jun 14  2022 virc
-rw-r--r--.  1 root root     4925 Apr  3  2020 wgetrc
drwxr-xr-x.  6 root root       70 Jan  5  2023 X11
-rw-r--r--.  1 root root      642 Dec  9  2016 xattr.conf
drwxr-xr-x.  6 root root       72 Aug  1  2023 xdg
drwxr-xr-x.  2 root root        6 Jun 21  2021 xinetd.d
drwxr-xr-x   2 root root       21 Aug  1  2023 xml
drwxr-xr-x.  2 root root       57 Jan  5  2023 yum
lrwxrwxrwx.  1 root root       12 Mar 18  2022 yum.conf -> dnf/dnf.conf
drwxr-xr-x.  2 root root       25 Aug 18  2023 yum.repos.d
bash-4.4$ ls -l /etc/os-release >> Assignment1.txt 
bash-4.4$ cat Assignment1.txt 
/bin/bash
/mnt/scratch/FA23_CS131_Ashish/pratiksp24
1234
pratiksp24 S77
              total        used        free      shared  buff/cache   available
Mem:          71367       32442       19778        3505       19146       33961
Swap:          4119           0        4119
NAME="Red Hat Enterprise Linux"
VERSION="8.6 (Ootpa)"
ID="rhel"
ID_LIKE="fedora"
VERSION_ID="8.6"
PLATFORM_ID="platform:el8"
PRETTY_NAME="Red Hat Enterprise Linux 8.6 (Ootpa)"
ANSI_COLOR="0;31"
CPE_NAME="cpe:/o:redhat:enterprise_linux:8::baseos"
HOME_URL="https://www.redhat.com/"
DOCUMENTATION_URL="https://access.redhat.com/documentation/red_hat_enterprise_linux/8/"
BUG_REPORT_URL="https://bugzilla.redhat.com/"

REDHAT_BUGZILLA_PRODUCT="Red Hat Enterprise Linux 8"
REDHAT_BUGZILLA_PRODUCT_VERSION=8.6
REDHAT_SUPPORT_PRODUCT="Red Hat Enterprise Linux"
REDHAT_SUPPORT_PRODUCT_VERSION="8.6"
lrwxrwxrwx. 1 root root 22 Apr  6  2022 /etc/os-release -> ..//usr/lib/os-release
bash-4.4$ exit
exit

Script done on 2024-02-29 05:21:12-05:00
